10:31:12 **** Build of configuration Debug for project cubemx_MPU6050 ****
make -j12 all 
arm-none-eabi-gcc "../Core/Src/main.c" -mcpu=cortex-m4 -std=gnu11 -g3 -DDEBUG -DUSE_HAL_DRIVER -DSTM32F407xx -c -I../Core/Inc -I../Drivers/STM32F4xx_HAL_Driver/Inc -I../Drivers/STM32F4xx_HAL_Driver/Inc/Legacy -I../Drivers/CMSIS/Device/ST/STM32F4xx/Include -I../Drivers/CMSIS/Include -O0 -ffunction-sections -fdata-sections -Wall -fstack-usage -fcyclomatic-complexity -MMD -MP -MF"Core/Src/main.d" -MT"Core/Src/main.o" --specs=nano.specs -mfpu=fpv4-sp-d16 -mfloat-abi=hard -mthumb -o "Core/Src/main.o"
../Core/Src/main.c: In function 'main':
../Core/Src/main.c:118:36: warning: format '%lf' expects argument of type 'double', but argument 2 has type 'int' [-Wformat=]
  118 |                   printf("pitch: %lf roll: %lf yaw: %lf \r\n", mpu9250.Accel_X_RAW, mpu9250.KalmanAngleY, mpu9250.KalmanAngleZ);
      |                                  ~~^                           ~~~~~~~~~~~~~~~~~~~
      |                                    |                                  |
      |                                    double                             int
      |                                  %d
arm-none-eabi-gcc -o "cubemx_MPU6050.elf" @"objects.list"   -mcpu=cortex-m4 -T"C:\Users\werkm\Downloads\cubemx_MPU6050\STM32F407VGTX_FLASH.ld" --specs=nosys.specs -Wl,-Map="cubemx_MPU6050.map" -Wl,--gc-sections -static -u _printf_float --specs=nano.specs -mfpu=fpv4-sp-d16 -mfloat-abi=hard -mthumb -Wl,--start-group -lc -lm -Wl,--end-group
C:/Users/werkm/OneDrive/Desktop/STM32CubeIDE_1.16.0/STM32CubeIDE/plugins/com.st.stm32cube.ide.mcu.externaltools.gnu-tools-for-stm32.12.3.rel1.win32_1.0.200.202406191623/tools/bin/../lib/gcc/arm-none-eabi/12.3.1/../../../../arm-none-eabi/bin/ld.exe: warning: cubemx_MPU6050.elf has a LOAD segment with RWX permissions
Finished building target: cubemx_MPU6050.elf
 
arm-none-eabi-size  cubemx_MPU6050.elf 
arm-none-eabi-objdump -h -S cubemx_MPU6050.elf  > "cubemx_MPU6050.list"
   text	   data	    bss	    dec	    hex	filename
  41688	    712	   2136	  44536	   adf8	cubemx_MPU6050.elf
Finished building: default.size.stdout
 
Finished building: cubemx_MPU6050.list
 

10:31:13 Build Finished. 0 errors, 2 warnings. (took 1s.837ms)

