10:31:16 **** Incremental Build of configuration Debug for project mini_pro ****
make -j12 all 
arm-none-eabi-gcc "../Core/Src/main.c" -mcpu=cortex-m4 -std=gnu11 -g3 -DDEBUG -DUSE_HAL_DRIVER -DSTM32F407xx -c -I../Core/Inc -I../Drivers/STM32F4xx_HAL_Driver/Inc -I../Drivers/STM32F4xx_HAL_Driver/Inc/Legacy -I../Drivers/CMSIS/Device/ST/STM32F4xx/Include -I../Drivers/CMSIS/Include -O0 -ffunction-sections -fdata-sections -Wall -fstack-usage -fcyclomatic-complexity -MMD -MP -MF"Core/Src/main.d" -MT"Core/Src/main.o" --specs=nano.specs -mfpu=fpv4-sp-d16 -mfloat-abi=hard -mthumb -o "Core/Src/main.o"
arm-none-eabi-gcc -o "mini_pro.elf" @"objects.list"   -mcpu=cortex-m4 -T"C:\Users\werkm\STM32CubeIDE\workspace_1.16.0\mini_pro\STM32F407VGTX_FLASH.ld" --specs=nosys.specs -Wl,-Map="mini_pro.map" -Wl,--gc-sections -static --specs=nano.specs -mfpu=fpv4-sp-d16 -mfloat-abi=hard -mthumb -Wl,--start-group -lc -lm -Wl,--end-group
Finished building target: mini_pro.elf
 
arm-none-eabi-size  mini_pro.elf 
arm-none-eabi-objdump -h -S mini_pro.elf  > "mini_pro.list"
   text	   data	    bss	    dec	    hex	filename
  11068	     12	   1732	  12812	   320c	mini_pro.elf
Finished building: default.size.stdout
 
Finished building: mini_pro.list
 

10:31:18 Build Finished. 0 errors, 0 warnings. (took 1s.571ms)

